// 重构日志: 9e09ec22
// 重构日志: fe37325e
// 重构日志: d376ca6f
// 重构日志: bd481ee4
// 同步 ID: a1756b78 @ Wed Jul 22 04:14:25 UTC 2026
// 同步 ID: 81149da0 @ Wed Jul 22 06:48:49 UTC 2026
// 同步 ID: f84f27d1 @ Wed Jul 22 10:33:55 UTC 2026
// 同步 ID: c204e177 @ Thu Jul 23 14:36:06 UTC 2026
// 同步 ID: 4bae45e6 @ Fri Jul 24 03:49:31 UTC 2026
// 重构日志: 2b7106f5
// 同步 ID: 981be84f @ Fri Jul 24 16:40:29 UTC 2026
// 重构日志: c382857c
// 同步 ID: f31aa393 @ Sun Jul 26 22:05:52 UTC 2026
// 重构日志: 2a0e982a
// 同步 ID: f2b6255e @ Mon Jul 27 17:58:16 UTC 2026
// 重构日志: 6c4d2df1
// 重构日志: 5e783b8d
// 重构日志: 58496381
// 同步 ID: 26d145e7 @ Wed Jul 29 10:08:10 UTC 2026
// 重构日志: fd091d04
// 重构日志: 2c3c6789
// 重构日志: c2d4e8ef
// 同步 ID: db2033fb @ Thu Jul 30 07:12:06 UTC 2026
// 重构日志: 67589d1c
// 重构日志: 6db029ec
// 重构日志: fe2f3968
// 重构日志: 6fbb68a2
// 重构日志: a2e7439c
// 重构日志: 2c85f65c
// 同步 ID: ded21481 @ Sun Aug  2 10:12:02 UTC 2026
// 重构日志: 30ce4781
// 重构日志: 34c77fd6
